=============================================
   auctionManager 0.1: test/test-suite.log
=============================================

# TOTAL: 1
# PASS:  0
# SKIP:  0
# XFAIL: 0
# FAIL:  1
# XPASS: 0
# ERROR: 0

.. contents:: :depth: 2

FAIL: test_runner
=================

FieldValue_Test::testGetters : OK
FieldValue_Test::testFieldValues : OK
FieldDefParser_Test::testParser : OK
FieldValParser_Test::testParser : OK
BidFileParser_Test::testParser(null):1826219960: parser error : 

